// Jest Snapshot v1, https://goo.gl/fbAQLP

exports[`auto generate snapshots for foo FooStory1 story renders snapshot 1`] = `foo story 1`;

exports[`auto generate snapshots for foo FooStory2 story renders snapshot 1`] = `foo story 2`;
